[打包] common: /home/yyt/.config/shell/common → /home/yyt/Downloads/gnome/payload/common/home/.config/shell/common
[打包] common: /home/yyt/.config/shell/README.md → /home/yyt/Downloads/gnome/payload/common/home/.config/shell/README.md
[打包] bash: /home/yyt/.bashrc → /home/yyt/Downloads/gnome/payload/bash/home/.bashrc
[打包] bash: /home/yyt/.profile → /home/yyt/Downloads/gnome/payload/bash/home/.profile
[打包] bash: /home/yyt/.bash_logout → /home/yyt/Downloads/gnome/payload/bash/home/.bash_logout
[打包] bash: /home/yyt/.config/shell/bash → /home/yyt/Downloads/gnome/payload/bash/home/.config/shell/bash
[打包] bash: /home/yyt/.local/share/blesh → /home/yyt/Downloads/gnome/payload/bash/home/.local/share/blesh
[打包] zsh: /home/yyt/.zshrc → /home/yyt/Downloads/gnome/payload/zsh/home/.zshrc
[打包] zsh: /home/yyt/.zprofile → /home/yyt/Downloads/gnome/payload/zsh/home/.zprofile
[打包] zsh: /home/yyt/.p10k.zsh → /home/yyt/Downloads/gnome/payload/zsh/home/.p10k.zsh
[打包] zsh: /home/yyt/.config/shell/zsh → /home/yyt/Downloads/gnome/payload/zsh/home/.config/shell/zsh
[打包] oh-my-zsh: /home/yyt/.oh-my-zsh → /home/yyt/Downloads/gnome/payload/oh-my-zsh/home/.oh-my-zsh
[打包] starship: /home/yyt/.config/starship.toml → /home/yyt/Downloads/gnome/payload/starship/home/.config/starship.toml
[打包] vim: /home/yyt/.vimrc → /home/yyt/Downloads/gnome/payload/vim/home/.vimrc
[打包] vim: /home/yyt/.vim/config → /home/yyt/Downloads/gnome/payload/vim/home/.vim/config
[打包] vim: /home/yyt/.vim/autoload → /home/yyt/Downloads/gnome/payload/vim/home/.vim/autoload
[打包] vim: /home/yyt/.vim/plugged → /home/yyt/Downloads/gnome/payload/vim/home/.vim/plugged
[打包] vim: /home/yyt/.vim/coc-settings.json → /home/yyt/Downloads/gnome/payload/vim/home/.vim/coc-settings.json
[打包] vim: /home/yyt/Templates → /home/yyt/Downloads/gnome/payload/vim/home/Templates
[打包] vim: /home/yyt/.config/coc → /home/yyt/Downloads/gnome/payload/vim/home/.config/coc
[打包] vim: /home/yyt/.config/EDITORS.md → /home/yyt/Downloads/gnome/payload/vim/home/.config/EDITORS.md
[打包] vim: /home/yyt/.config/vim-templates.md → /home/yyt/Downloads/gnome/payload/vim/home/.config/vim-templates.md
[打包] nvim: /home/yyt/.config/nvim → /home/yyt/Downloads/gnome/payload/nvim/home/.config/nvim
[打包] nvim: /home/yyt/.local/share/nvim/lazy → /home/yyt/Downloads/gnome/payload/nvim/home/.local/share/nvim/lazy
[打包] nvim: /home/yyt/.local/share/nvim/language.txt → /home/yyt/Downloads/gnome/payload/nvim/home/.local/share/nvim/language.txt
[打包] tex: /home/yyt/.config/shell/tex → /home/yyt/Downloads/gnome/payload/tex/home/.config/shell/tex
[打包] tex: /home/yyt/.latexrc → /home/yyt/Downloads/gnome/payload/tex/home/.latexrc
[打包] rime: /home/yyt/.local/share/fcitx5/rime → /home/yyt/Downloads/gnome/payload/rime/home/.local/share/fcitx5/rime
[打包] rime: /home/yyt/.config/fcitx5 → /home/yyt/Downloads/gnome/payload/rime/home/.config/fcitx5
[打包] rime: /home/yyt/.config/environment.d/fcitx.conf → /home/yyt/Downloads/gnome/payload/rime/home/.config/environment.d/fcitx.conf
[打包] rime: /home/yyt/.config/autostart/org.fcitx.Fcitx5.desktop → /home/yyt/Downloads/gnome/payload/rime/home/.config/autostart/org.fcitx.Fcitx5.desktop
[打包] rime: /home/yyt/.xinputrc → /home/yyt/Downloads/gnome/payload/rime/home/.xinputrc
[打包] theme: /home/yyt/.themes → /home/yyt/Downloads/gnome/payload/theme/home/.themes
[打包] theme: /home/yyt/.local/share/icons → /home/yyt/Downloads/gnome/payload/theme/home/.local/share/icons
[打包] theme: /home/yyt/.config/gtk-3.0 → /home/yyt/Downloads/gnome/payload/theme/home/.config/gtk-3.0
[打包] gtk4: /home/yyt/.config/gtk-4.0 → /home/yyt/Downloads/gnome/payload/gtk4/home/.config/gtk-4.0
[打包] fonts: /home/yyt/.local/share/fonts → /home/yyt/Downloads/gnome/payload/fonts/home/.local/share/fonts
[打包] runtime: /home/yyt/.local/share/nvim/mason → /home/yyt/Downloads/gnome/payload/runtime/home/.local/share/nvim/mason
[打包] runtime: /home/yyt/.local/share/nvim/site → /home/yyt/Downloads/gnome/payload/runtime/home/.local/share/nvim/site
[打包] runtime: /home/yyt/.local/share/editor-python → /home/yyt/Downloads/gnome/payload/runtime/home/.local/share/editor-python
[打包] grub: /etc/default/grub → /home/yyt/Downloads/gnome/payload/grub/system/etc/default/grub
[打包] grub: /etc/default/grub.d → /home/yyt/Downloads/gnome/payload/grub/system/etc/default/grub.d
[打包] grub: /etc/grub.d → /home/yyt/Downloads/gnome/payload/grub/system/etc/grub.d
[打包] grub: /boot/grub/themes → /home/yyt/Downloads/gnome/payload/grub/system/boot/grub/themes
[打包] theme: /usr/share/icons/whiteglass → /home/yyt/Downloads/gnome/payload/theme/system/usr/share/icons/whiteglass
[打包] fonts: /usr/share/fonts/truetype/ubuntu → /home/yyt/Downloads/gnome/payload/fonts/system/usr/share/fonts/truetype/ubuntu
[打包] theme: /home/yyt/Pictures/pic/【哲风壁纸】Windows-极简.png → /home/yyt/Downloads/gnome/payload/theme/home/Pictures/pic/【哲风壁纸】Windows-极简.png
[打包] theme: /usr/share/backgrounds/ezspain-Ubuntu_Coffee_Mug_Light.png → /home/yyt/Downloads/gnome/payload/theme/system/usr/share/backgrounds/ezspain-Ubuntu_Coffee_Mug_Light.png
[成功] 已记录 87398 个文件/符号链接的 SHA256
